BL51 BANKED LINKER/LOCATER V6.22.2.0                                                    09/28/2020  12:17:47  PAGE 1


BL51 BANKED LINKER/LOCATER V6.22.2.0, INVOKED BY:
C:\KEIL_V5\C51\BIN\BL51.EXE .\Objects\STARTUP.obj, .\Objects\test1.obj TO .\Objects\test PRINT (.\Listings\test.m51) RAM
>> SIZE (256)


MEMORY MODEL: SMALL


INPUT MODULES INCLUDED:
  .\Objects\STARTUP.obj (?C_STARTUP)
  .\Objects\test1.obj (TEST1)
  C:\KEIL_V5\C51\LIB\C51S.LIB (?C_INIT)
  C:\KEIL_V5\C51\LIB\C51S.LIB (?C?UIDIV)


LINK MAP OF MODULE:  .\Objects\test (?C_STARTUP)


            TYPE    BASE      LENGTH    RELOCATION   SEGMENT NAME
            -----------------------------------------------------

            * * * * * * *   D A T A   M E M O R Y   * * * * * * *
            REG     0000H     0008H     ABSOLUTE     "REG BANK 0"
            DATA    0008H     0004H     UNIT         _DATA_GROUP_
            DATA    000CH     0003H     UNIT         ?DT?TEST1
            IDATA   000FH     0001H     UNIT         ?STACK

            * * * * * * *   C O D E   M E M O R Y   * * * * * * *
            CODE    0000H     0003H     ABSOLUTE     
            CODE    0003H     0003H     ABSOLUTE     
            CODE    0006H     0001H     UNIT         ?PR?TIMER0?TEST1
                    0007H     0004H                  *** GAP ***
            CODE    000BH     0003H     ABSOLUTE     
                    000EH     0005H                  *** GAP ***
            CODE    0013H     0003H     ABSOLUTE     
            CODE    0016H     000BH     UNIT         ?PR?SETINIT?TEST1
                    0021H     0002H                  *** GAP ***
            CODE    0023H     0003H     ABSOLUTE     
            CODE    0026H     008CH     UNIT         ?C_C51STARTUP
            CODE    00B2H     0061H     UNIT         ?PR?UPDATEDISPLAY?TEST1
            CODE    0113H     005CH     UNIT         ?PR?CONTROLSPEED?TEST1
            CODE    016FH     0055H     UNIT         ?C?LIB_CODE
            CODE    01C4H     0044H     UNIT         ?PR?_RUNONCE?TEST1
            CODE    0208H     0043H     UNIT         ?PR?SERIALINIT?TEST1
            CODE    024BH     0038H     UNIT         ?PR?MAIN?TEST1
            CODE    0283H     0029H     UNIT         ?PR?CONTROLSTATE?TEST1
            CODE    02ACH     0016H     UNIT         ?PR?SETSERIAL?TEST1
            CODE    02C2H     0013H     UNIT         ?PR?RUNSTART?TEST1
            CODE    02D5H     000EH     UNIT         ?PR?SETTIMER?TEST1
            CODE    02E3H     000AH     UNIT         ?C_INITSEG



OVERLAY MAP OF MODULE:   .\Objects\test (?C_STARTUP)


SEGMENT                           DATA_GROUP 
  +--> CALLED SEGMENT           START    LENGTH
BL51 BANKED LINKER/LOCATER V6.22.2.0                                                  09/28/2020  12:17:47  PAGE 2


-----------------------------------------------
?C_C51STARTUP                   -----    -----
  +--> ?PR?MAIN?TEST1
  +--> ?C_INITSEG

?PR?MAIN?TEST1                  0008H    0002H
  +--> ?PR?SETINIT?TEST1
  +--> ?PR?SETSERIAL?TEST1
  +--> ?PR?UPDATEDISPLAY?TEST1
  +--> ?PR?RUNSTART?TEST1
  +--> ?PR?_RUNONCE?TEST1

?PR?UPDATEDISPLAY?TEST1         000AH    0002H



SYMBOL TABLE OF MODULE:  .\Objects\test (?C_STARTUP)

  VALUE           TYPE          NAME
  ----------------------------------

  -------         MODULE        ?C_STARTUP
  C:0026H         SEGMENT       ?C_C51STARTUP
  I:000FH         SEGMENT       ?STACK
  C:0000H         PUBLIC        ?C_STARTUP
  D:00E0H         SYMBOL        ACC
  D:00F0H         SYMBOL        B
  D:0083H         SYMBOL        DPH
  D:0082H         SYMBOL        DPL
  N:0000H         SYMBOL        IBPSTACK
  N:0100H         SYMBOL        IBPSTACKTOP
  N:0080H         SYMBOL        IDATALEN
  C:0029H         SYMBOL        IDATALOOP
  N:0000H         SYMBOL        PBPSTACK
  N:0100H         SYMBOL        PBPSTACKTOP
  N:0000H         SYMBOL        PDATALEN
  N:0000H         SYMBOL        PDATASTART
  N:0000H         SYMBOL        PPAGE
  N:0000H         SYMBOL        PPAGEENABLE
  D:00A0H         SYMBOL        PPAGE_SFR
  D:0081H         SYMBOL        SP
  C:0026H         SYMBOL        STARTUP1
  N:0000H         SYMBOL        XBPSTACK
  N:0000H         SYMBOL        XBPSTACKTOP
  N:0000H         SYMBOL        XDATALEN
  N:0000H         SYMBOL        XDATASTART
  C:0000H         LINE#         126
  C:0026H         LINE#         133
  C:0028H         LINE#         134
  C:0029H         LINE#         135
  C:002AH         LINE#         136
  C:002CH         LINE#         185
  C:002FH         LINE#         196
  -------         ENDMOD        ?C_STARTUP

  -------         MODULE        TEST1
  C:0000H         SYMBOL        _ICE_DUMMY_
BL51 BANKED LINKER/LOCATER V6.22.2.0                                                  09/28/2020  12:17:47  PAGE 3


  D:0090H         PUBLIC        P1
  D:00A0H         PUBLIC        P2
  D:00B0H         PUBLIC        P3
  B:00A8H.7       PUBLIC        EA
  C:0283H         PUBLIC        controlState
  D:000CH         PUBLIC        number
  D:00A8H         PUBLIC        IE
  D:000DH         PUBLIC        speed
  B:00A0H.3       PUBLIC        display_clk
  B:00A8H.4       PUBLIC        ES
  D:00B8H         PUBLIC        IP
  C:0208H         PUBLIC        serialInit
  B:0098H.0       PUBLIC        RI
  B:0098H.1       PUBLIC        TI
  B:00A0H.0       PUBLIC        motor_in1
  B:00A0H.1       PUBLIC        motor_in2
  D:000EH         PUBLIC        state
  C:024BH         PUBLIC        main
  D:0099H         PUBLIC        SBUF
  D:0087H         PUBLIC        PCON
  C:02ACH         PUBLIC        setSerial
  D:0098H         PUBLIC        SCON
  D:0089H         PUBLIC        TMOD
  D:0088H         PUBLIC        TCON
  B:00A8H.1       PUBLIC        ET0
  D:008CH         PUBLIC        TH0
  B:00A8H.0       PUBLIC        EX0
  B:0088H.0       PUBLIC        IT0
  D:008DH         PUBLIC        TH1
  B:00A8H.2       PUBLIC        EX1
  B:0088H.2       PUBLIC        IT1
  D:008AH         PUBLIC        TL0
  D:008BH         PUBLIC        TL1
  C:02D5H         PUBLIC        setTimer
  C:0006H         PUBLIC        timer0
  B:0088H.4       PUBLIC        TR0
  B:0088H.6       PUBLIC        TR1
  C:01C4H         PUBLIC        _runOnce
  C:00B2H         PUBLIC        updateDisplay
  C:0016H         PUBLIC        setInit
  D:00C8H         PUBLIC        T2CON
  C:02C2H         PUBLIC        runStart
  B:00A0H.2       PUBLIC        display_data
  C:0113H         PUBLIC        controlSpeed
  D:00D0H         PUBLIC        PSW
  -------         PROC          MAIN
  -------         DO            
  D:0008H         SYMBOL        start_flag
  -------         ENDDO         
  C:024BH         LINE#         17
  C:024BH         LINE#         18
  C:0250H         LINE#         19
  C:0253H         LINE#         20
  C:0256H         LINE#         22
  C:0259H         LINE#         23
  C:0259H         LINE#         24
  C:025EH         LINE#         25
BL51 BANKED LINKER/LOCATER V6.22.2.0                                                  09/28/2020  12:17:47  PAGE 4


  C:0264H         LINE#         26
  C:0267H         LINE#         27
  C:026FH         LINE#         28
  C:0271H         LINE#         29
  C:0271H         LINE#         30
  C:0276H         LINE#         31
  C:0276H         LINE#         32
  C:0278H         LINE#         33
  C:0278H         LINE#         34
  C:027DH         LINE#         35
  C:027FH         LINE#         36
  C:0281H         LINE#         37
  C:0281H         LINE#         38
  -------         ENDPROC       MAIN
  -------         PROC          CONTROLSPEED
  -------         DO            
  D:0003H         SYMBOL        transferedData
  -------         ENDDO         
  C:0113H         LINE#         40
  C:0128H         LINE#         42
  C:012EH         LINE#         43
  C:013FH         LINE#         44
  C:014BH         LINE#         45
  C:014FH         LINE#         46
  C:0153H         LINE#         47
  C:0155H         LINE#         48
  C:0155H         LINE#         49
  C:0157H         LINE#         50
  C:015AH         LINE#         51
  C:015CH         LINE#         52
  C:015CH         LINE#         54
  -------         ENDPROC       CONTROLSPEED
  -------         PROC          CONTROLSTATE
  -------         DO            
  D:0007H         SYMBOL        transferedData
  -------         ENDDO         
  C:0283H         LINE#         55
  C:028CH         LINE#         57
  C:0293H         LINE#         58
  C:0298H         LINE#         59
  C:029CH         LINE#         60
  C:029EH         LINE#         61
  C:029EH         LINE#         62
  C:02A0H         LINE#         63
  C:02A3H         LINE#         64
  C:02A5H         LINE#         65
  -------         ENDPROC       CONTROLSTATE
  -------         PROC          TIMER0
  C:0006H         LINE#         66
  C:0006H         LINE#         68
  -------         ENDPROC       TIMER0
  -------         PROC          SETINIT
  C:0016H         LINE#         69
  C:0016H         LINE#         70
  C:0018H         LINE#         71
  C:001AH         LINE#         72
  C:001CH         LINE#         73
BL51 BANKED LINKER/LOCATER V6.22.2.0                                                  09/28/2020  12:17:47  PAGE 5


  C:001EH         LINE#         74
  C:0020H         LINE#         75
  -------         ENDPROC       SETINIT
  -------         PROC          SETTIMER
  C:02D5H         LINE#         76
  C:02D5H         LINE#         77
  C:02D8H         LINE#         78
  C:02DBH         LINE#         79
  C:02DEH         LINE#         80
  C:02E0H         LINE#         81
  C:02E2H         LINE#         82
  -------         ENDPROC       SETTIMER
  -------         PROC          _RUNONCE
  D:0007H         SYMBOL        speed
  -------         DO            
  D:0004H         SYMBOL        num1
  D:0002H         SYMBOL        num2
  -------         ENDDO         
  C:01C4H         LINE#         83
  C:01C4H         LINE#         84
  C:01C7H         LINE#         85
  C:01C7H         LINE#         86
  C:01D2H         LINE#         87
  C:01D2H         LINE#         88
  C:01D8H         LINE#         89
  C:01D8H         LINE#         90
  C:01DEH         LINE#         91
  C:01DEH         LINE#         92
  C:01E2H         LINE#         93
  C:01E2H         LINE#         94
  C:01EBH         LINE#         95
  C:01EDH         LINE#         96
  C:01EFH         LINE#         97
  C:01F9H         LINE#         98
  C:01FBH         LINE#         99
  C:01FDH         LINE#         100
  C:0207H         LINE#         101
  -------         ENDPROC       _RUNONCE
  -------         PROC          RUNSTART
  -------         DO            
  D:0006H         SYMBOL        num
  -------         ENDDO         
  C:02C2H         LINE#         102
  C:02C2H         LINE#         103
  C:02C6H         LINE#         104
  C:02C8H         LINE#         105
  C:02CAH         LINE#         106
  C:02D4H         LINE#         107
  -------         ENDPROC       RUNSTART
  -------         PROC          SETSERIAL
  C:02ACH         LINE#         108
  C:02ACH         LINE#         109
  C:02AFH         LINE#         110
  C:02B2H         LINE#         111
  C:02B5H         LINE#         112
  C:02B8H         LINE#         113
  C:02BBH         LINE#         114
BL51 BANKED LINKER/LOCATER V6.22.2.0                                                  09/28/2020  12:17:47  PAGE 6


  C:02BDH         LINE#         115
  C:02BFH         LINE#         116
  C:02C1H         LINE#         117
  -------         ENDPROC       SETSERIAL
  -------         PROC          SERIALINIT
  -------         DO            
  D:0007H         SYMBOL        receivedData
  -------         ENDDO         
  C:0208H         LINE#         118
  C:0211H         LINE#         120
  C:0213H         LINE#         121
  C:0215H         LINE#         122
  C:0226H         LINE#         123
  C:022BH         LINE#         124
  C:0230H         LINE#         125
  C:0235H         LINE#         126
  C:023AH         LINE#         127
  C:023DH         LINE#         128
  C:023DH         LINE#         129
  C:023FH         LINE#         130
  C:0242H         LINE#         131
  C:0244H         LINE#         132
  -------         ENDPROC       SERIALINIT
  -------         PROC          UPDATEDISPLAY
  -------         DO            
  D:000AH         SYMBOL        i
  D:0002H         SYMBOL        j
  D:0001H         SYMBOL        display_number
  -------         ENDDO         
  C:00B2H         LINE#         133
  C:00B2H         LINE#         134
  C:00B3H         LINE#         135
  C:00B3H         LINE#         136
  C:00B5H         LINE#         137
  C:00B7H         LINE#         139
  C:00BBH         LINE#         140
  C:00C7H         LINE#         141
  C:00CDH         LINE#         142
  C:00D6H         LINE#         143
  C:00D8H         LINE#         144
  C:00D8H         LINE#         145
  C:00DBH         LINE#         146
  C:00DBH         LINE#         147
  C:00DDH         LINE#         148
  C:00F7H         LINE#         149
  C:00F9H         LINE#         150
  C:0104H         LINE#         151
  C:0112H         LINE#         152
  -------         ENDPROC       UPDATEDISPLAY
  -------         ENDMOD        TEST1

  -------         MODULE        ?C?UIDIV
  C:016FH         PUBLIC        ?C?UIDIV
  -------         ENDMOD        ?C?UIDIV

*** WARNING L16: UNCALLED SEGMENT, IGNORED FOR OVERLAY PROCESS
    SEGMENT: ?PR?SETTIMER?TEST1
BL51 BANKED LINKER/LOCATER V6.22.2.0                                                  09/28/2020  12:17:47  PAGE 7



Program Size: data=16.0 xdata=0 code=738
LINK/LOCATE RUN COMPLETE.  1 WARNING(S),  0 ERROR(S)
