C51 COMPILER V9.57.0.0   TEST1                                                             09/27/2020 21:33:59 PAGE 1   


C51 COMPILER V9.57.0.0, COMPILATION OF MODULE TEST1
OBJECT MODULE PLACED IN .\Objects\test1.obj
COMPILER INVOKED BY: C:\Keil_v5\C51\BIN\C51.EXE test1.c OPTIMIZE(8,SPEED) BROWSE DEBUG OBJECTEXTEND PRINT(.\Listings\tes
                    -t1.lst) TABS(2) OBJECT(.\Objects\test1.obj)

line level    source

   1          #include  <reg52.h>
   2          #include  <intrins.h>
   3          
   4          sbit motor_in1 = P2^0;
   5          sbit motor_in2 = P2^1;
   6          sbit led = P2^4;
   7          enum SPEED{ low = 0, mid = 1, high = 2} speed = low;
   8          enum STATE{ stop = 0, run =1} state = stop;
   9          
  10          void setInit();
  11          void setTimer();
  12          void setSerial();
  13          void runStart();
  14          void runOnce(enum SPEED speed);
  15          
  16          void main(){
  17   1        int start_flag = 0;
  18   1        setInit();
  19   1        setSerial();
  20   1        //setTimer();
  21   1        while(1){
  22   2          if (state == run){
  23   3            if (start_flag == 0){
  24   4              runStart();
  25   4              start_flag++;
  26   4            }
  27   3            else{
  28   4              runOnce(speed);
  29   4            }
  30   3          }
  31   2          else{
  32   3            start_flag = 0;
  33   3            motor_in1 = 0;
  34   3            motor_in2 = 0;
  35   3          }
  36   2        }
  37   1      }
  38          void controlSpeed() interrupt 0{
  39   1        if (state == run){
  40   2          speed = (speed+1)%3;
  41   2        } 
  42   1      }
  43          void controlState() interrupt 2{
  44   1        state = 1 - state;
  45   1      }
  46          void timer0() interrupt 1{
  47   1        
  48   1      }
  49          void setInit(){
  50   1        IT0 = 1;  //外部中断0下降沿触发
  51   1        IT1 = 1;
  52   1        EX0 = 1;  //外部中断0允许
  53   1        EX1 = 1; 
  54   1        EA = 1;   //总中断允许
C51 COMPILER V9.57.0.0   TEST1                                                             09/27/2020 21:33:59 PAGE 2   

  55   1      }
  56          void setTimer(){
  57   1        TMOD = 0x01; //定时器控制方式
  58   1        TH0 = 156; //定时器初值
  59   1        TL0 = 156; 
  60   1        ET0 = 1; //定时器0中断允许
  61   1        TR0 = 1; //定时器开启
  62   1      }
  63          void runOnce(enum SPEED speed){
  64   1        int num1 = 0;
  65   1        int num2 = 10000;
  66   1        switch(speed){
  67   2          case low:
  68   2              num1 = 3000;break;
  69   2          case mid:
  70   2              num1 = 6000;break;
  71   2          case high:
  72   2              num1 = 9000;break;
  73   2        }
  74   1        num2 = 10000 - num1;
  75   1        motor_in1 = 0;
  76   1        motor_in2 = 1;
  77   1        while(num1--);
  78   1        motor_in1 = 0;
  79   1        motor_in2 = 0;
  80   1        while(num2--);
  81   1      }
  82          void runStart(){
  83   1        int num = 10000;
  84   1        motor_in1 = 0;
  85   1        motor_in2 = 1;
  86   1        while(num--);
  87   1      }
  88          void setSerial(){
  89   1        SCON = 0x50;
  90   1        TMOD = 0x20;
  91   1        PCON = 0x80;
  92   1        TH1 = 0xFA;
  93   1        TL1 = 0xFA;
  94   1        ES = 1;
  95   1        EA = 1;
  96   1        TR1 = 1;
  97   1      }
  98          void serialInit() interrupt 4{
  99   1        unsigned char receivedData;
 100   1        receivedData = SBUF;
 101   1        RI = 0;
 102   1        switch (receivedData){
 103   2          case 0x00: state = stop; break;
 104   2          case 0x01: state = run; break;
 105   2          case 0x02: speed = low; break;
 106   2          case 0x03: speed = mid; break;
 107   2          case 0x04: speed = high; break;
 108   2        }
 109   1        SBUF = receivedData;
 110   1        while(!TI);
 111   1        TI = 0;
 112   1      
 113   1      }
 114            
 115          

C51 COMPILER V9.57.0.0   TEST1                                                             09/27/2020 21:33:59 PAGE 3   


MODULE INFORMATION:   STATIC OVERLAYABLE
   CODE SIZE        =    329    ----
   CONSTANT SIZE    =   ----    ----
   XDATA SIZE       =   ----    ----
   PDATA SIZE       =   ----    ----
   DATA SIZE        =      2       2
   IDATA SIZE       =   ----    ----
   BIT SIZE         =   ----    ----
END OF MODULE INFORMATION.


C51 COMPILATION COMPLETE.  0 WARNING(S),  0 ERROR(S)
