BL51 BANKED LINKER/LOCATER V6.22.2.0                                                    09/26/2020  08:05:50  PAGE 1


BL51 BANKED LINKER/LOCATER V6.22.2.0, INVOKED BY:
C:\KEIL_V5\C51\BIN\BL51.EXE .\Objects\STARTUP.obj, .\Objects\test1.obj TO .\Objects\test PRINT (.\Listings\test.m51) RAM
>> SIZE (256)


MEMORY MODEL: SMALL


INPUT MODULES INCLUDED:
  .\Objects\STARTUP.obj (?C_STARTUP)
  .\Objects\test1.obj (TEST1)
  C:\KEIL_V5\C51\LIB\C51S.LIB (?C_INIT)
  C:\KEIL_V5\C51\LIB\C51S.LIB (?C?UIDIV)


LINK MAP OF MODULE:  .\Objects\test (?C_STARTUP)


            TYPE    BASE      LENGTH    RELOCATION   SEGMENT NAME
            -----------------------------------------------------

            * * * * * * *   D A T A   M E M O R Y   * * * * * * *
            REG     0000H     0008H     ABSOLUTE     "REG BANK 0"
            DATA    0008H     0002H     UNIT         ?DT?TEST1
            IDATA   000AH     0001H     UNIT         ?STACK

            * * * * * * *   C O D E   M E M O R Y   * * * * * * *
            CODE    0000H     0003H     ABSOLUTE     
            CODE    0003H     0003H     ABSOLUTE     
            CODE    0006H     0001H     UNIT         ?PR?TIMER0?TEST1
                    0007H     0004H                  *** GAP ***
            CODE    000BH     0003H     ABSOLUTE     
                    000EH     0005H                  *** GAP ***
            CODE    0013H     0003H     ABSOLUTE     
            CODE    0016H     008CH     UNIT         ?C_C51STARTUP
            CODE    00A2H     0055H     UNIT         ?C?LIB_CODE
            CODE    00F7H     0043H     UNIT         ?PR?_RUNONCE?TEST1
            CODE    013AH     003AH     UNIT         ?PR?CONTROLSPEED?TEST1
            CODE    0174H     0010H     UNIT         ?PR?CONTROLSTATE?TEST1
            CODE    0184H     000FH     UNIT         ?PR?MAIN?TEST1
            CODE    0193H     000EH     UNIT         ?PR?SETTIMER?TEST1
            CODE    01A1H     000BH     UNIT         ?PR?SETINIT?TEST1
            CODE    01ACH     0007H     UNIT         ?C_INITSEG



OVERLAY MAP OF MODULE:   .\Objects\test (?C_STARTUP)


SEGMENT
  +--> CALLED SEGMENT
---------------------
?C_C51STARTUP
  +--> ?PR?MAIN?TEST1
  +--> ?C_INITSEG

?PR?MAIN?TEST1
  +--> ?PR?SETINIT?TEST1
BL51 BANKED LINKER/LOCATER V6.22.2.0                                                  09/26/2020  08:05:50  PAGE 2


  +--> ?PR?_RUNONCE?TEST1



SYMBOL TABLE OF MODULE:  .\Objects\test (?C_STARTUP)

  VALUE           TYPE          NAME
  ----------------------------------

  -------         MODULE        ?C_STARTUP
  C:0016H         SEGMENT       ?C_C51STARTUP
  I:000AH         SEGMENT       ?STACK
  C:0000H         PUBLIC        ?C_STARTUP
  D:00E0H         SYMBOL        ACC
  D:00F0H         SYMBOL        B
  D:0083H         SYMBOL        DPH
  D:0082H         SYMBOL        DPL
  N:0000H         SYMBOL        IBPSTACK
  N:0100H         SYMBOL        IBPSTACKTOP
  N:0080H         SYMBOL        IDATALEN
  C:0019H         SYMBOL        IDATALOOP
  N:0000H         SYMBOL        PBPSTACK
  N:0100H         SYMBOL        PBPSTACKTOP
  N:0000H         SYMBOL        PDATALEN
  N:0000H         SYMBOL        PDATASTART
  N:0000H         SYMBOL        PPAGE
  N:0000H         SYMBOL        PPAGEENABLE
  D:00A0H         SYMBOL        PPAGE_SFR
  D:0081H         SYMBOL        SP
  C:0016H         SYMBOL        STARTUP1
  N:0000H         SYMBOL        XBPSTACK
  N:0000H         SYMBOL        XBPSTACKTOP
  N:0000H         SYMBOL        XDATALEN
  N:0000H         SYMBOL        XDATASTART
  C:0000H         LINE#         126
  C:0016H         LINE#         133
  C:0018H         LINE#         134
  C:0019H         LINE#         135
  C:001AH         LINE#         136
  C:001CH         LINE#         185
  C:001FH         LINE#         196
  -------         ENDMOD        ?C_STARTUP

  -------         MODULE        TEST1
  C:0000H         SYMBOL        _ICE_DUMMY_
  D:0090H         PUBLIC        P1
  D:00B0H         PUBLIC        P3
  B:00A8H.7       PUBLIC        EA
  C:0174H         PUBLIC        controlState
  D:00A8H         PUBLIC        IE
  D:0008H         PUBLIC        speed
  D:00B8H         PUBLIC        IP
  B:0090H.0       PUBLIC        motor_in1
  B:0090H.1       PUBLIC        motor_in2
  D:0009H         PUBLIC        state
  C:0184H         PUBLIC        main
  D:0098H         PUBLIC        SCON
BL51 BANKED LINKER/LOCATER V6.22.2.0                                                  09/26/2020  08:05:50  PAGE 3


  D:0089H         PUBLIC        TMOD
  D:0088H         PUBLIC        TCON
  B:00A8H.1       PUBLIC        ET0
  D:008CH         PUBLIC        TH0
  B:00A8H.0       PUBLIC        EX0
  B:0088H.0       PUBLIC        IT0
  B:00A8H.2       PUBLIC        EX1
  B:0088H.2       PUBLIC        IT1
  D:008AH         PUBLIC        TL0
  C:0193H         PUBLIC        setTimer
  C:0006H         PUBLIC        timer0
  B:0088H.4       PUBLIC        TR0
  C:00F7H         PUBLIC        _runOnce
  C:01A1H         PUBLIC        setInit
  D:00C8H         PUBLIC        T2CON
  C:013AH         PUBLIC        controlSpeed
  D:00D0H         PUBLIC        PSW
  -------         PROC          MAIN
  C:0184H         LINE#         11
  C:0184H         LINE#         12
  C:0187H         LINE#         14
  C:0187H         LINE#         15
  C:018CH         LINE#         16
  C:0191H         LINE#         17
  C:0191H         LINE#         18
  -------         ENDPROC       MAIN
  -------         PROC          CONTROLSPEED
  C:013AH         LINE#         20
  C:014DH         LINE#         21
  C:0152H         LINE#         22
  C:0163H         LINE#         23
  C:0163H         LINE#         24
  -------         ENDPROC       CONTROLSPEED
  -------         PROC          CONTROLSTATE
  C:0174H         LINE#         25
  C:0178H         LINE#         26
  C:017FH         LINE#         27
  -------         ENDPROC       CONTROLSTATE
  -------         PROC          TIMER0
  C:0006H         LINE#         28
  C:0006H         LINE#         30
  -------         ENDPROC       TIMER0
  -------         PROC          SETINIT
  C:01A1H         LINE#         31
  C:01A1H         LINE#         32
  C:01A3H         LINE#         33
  C:01A5H         LINE#         34
  C:01A7H         LINE#         35
  C:01A9H         LINE#         36
  C:01ABH         LINE#         37
  -------         ENDPROC       SETINIT
  -------         PROC          SETTIMER
  C:0193H         LINE#         38
  C:0193H         LINE#         39
  C:0196H         LINE#         40
  C:0199H         LINE#         41
  C:019CH         LINE#         42
BL51 BANKED LINKER/LOCATER V6.22.2.0                                                  09/26/2020  08:05:50  PAGE 4


  C:019EH         LINE#         43
  C:01A0H         LINE#         44
  -------         ENDPROC       SETTIMER
  -------         PROC          _RUNONCE
  D:0007H         SYMBOL        speed
  -------         DO            
  D:0004H         SYMBOL        num1
  D:0002H         SYMBOL        num2
  -------         ENDDO         
  C:00F7H         LINE#         45
  C:00F7H         LINE#         46
  C:00F7H         LINE#         47
  C:00FAH         LINE#         48
  C:00FAH         LINE#         49
  C:0105H         LINE#         50
  C:0105H         LINE#         51
  C:010BH         LINE#         52
  C:010BH         LINE#         53
  C:0111H         LINE#         54
  C:0111H         LINE#         55
  C:0115H         LINE#         56
  C:0115H         LINE#         57
  C:011DH         LINE#         58
  C:011FH         LINE#         59
  C:0121H         LINE#         60
  C:012BH         LINE#         61
  C:012DH         LINE#         62
  C:012FH         LINE#         63
  C:0139H         LINE#         64
  -------         ENDPROC       _RUNONCE
  -------         ENDMOD        TEST1

  -------         MODULE        ?C?UIDIV
  C:00A2H         PUBLIC        ?C?UIDIV
  -------         ENDMOD        ?C?UIDIV

*** WARNING L16: UNCALLED SEGMENT, IGNORED FOR OVERLAY PROCESS
    SEGMENT: ?PR?SETTIMER?TEST1

Program Size: data=11.0 xdata=0 code=426
LINK/LOCATE RUN COMPLETE.  1 WARNING(S),  0 ERROR(S)
